[laotramirada.com/index.html]
[backblue.gif]
[fade.gif]
[index.html]
[laotramirada.com/favicon.png]
[code.jquery.com/jquery-3.3.1.slim.min.js]
[laotramirada.com/_nuxt/runtime.48aa125.js]
[laotramirada.com/_nuxt/vendors/commons.21a32d2.js]
[laotramirada.com/_nuxt/pages/index.396ba6c.js]
[laotramirada.com/_nuxt/app.8958c2a.js]
[laotramirada.com/_nuxt/commons/01fa4752.954bafb.js]
[laotramirada.com/_nuxt/fonts/ProximaNovaAlt-Bold.8dcb6c9.otf]
[laotramirada.com/_nuxt/fonts/ProximaNova-Black.9a0d4bb.otf]
[laotramirada.com/_nuxt/fonts/ProximaNova-Bold.1876083.otf]
[laotramirada.com/_nuxt/fonts/materialdesignicons-webfont.2d0a0d8.eot]
[laotramirada.com/_nuxt/fonts/materialdesignicons-webfont.2d0a0d8d41d.eot]
[laotramirada.com/_nuxt/fonts/materialdesignicons-webfont.d006653.woff2]
[laotramirada.com/_nuxt/fonts/materialdesignicons-webfont.b4917be.woff]
[laotramirada.com/_nuxt/fonts/materialdesignicons-webfont.f511123.ttf]
[laotramirada.com/_nuxt/img/logo.0c08f6c.svg]
[laotramirada.com/login.html]
[laotramirada.com/quienes-somos/index.html]
[api.laotramirada.com/content/uploads/2020/11/Foto-1-Inicio-002-scaled-e1605883638668.jpg]
[api.laotramirada.com/content/uploads/2020/10/Duque-Marquez-1-e1606403786380.png]
[laotramirada.com/conferencias/index.html]
[api.laotramirada.com/content/uploads/2020/11/Moises-Naím-1.png]
[api.laotramirada.com/content/uploads/2020/11/Moro-1-e1606403731134.png]
[api.laotramirada.com/content/uploads/2020/11/Macri-2-1-e1606403690932.png]
[api.laotramirada.com/content/uploads/2020/11/Naranjo-2-2-e1606402956161.png]
[api.laotramirada.com/content/uploads/2020/11/MVLL_A2-1-e1606402876713.png]
[laotramirada.com/conferencias/ivan-duque/index.html]
[laotramirada.com/vitrina/lideres/lider-a.html]
[laotramirada.com/conferencias/moises-naim/index.html]
[api.laotramirada.com/content/uploads/2020/10/Ferguson.png]
[laotramirada.com/conferencias/sergio-moro/index.html]
[laotramirada.com/vitrina/galeria/conferencia-mario-vargas-llosa.html]
[laotramirada.com/conferencias/mauricio-macri/index.html]
[laotramirada.com/conferencias/oscar-naranjo/index.html]
[api.laotramirada.com/content/uploads/2020/11/Vargas-Llosa-10-2.jpg]
[laotramirada.com/conferencias/mario-vargas-llosa-2-2/index.html]
[api.laotramirada.com/content/uploads/2020/11/Giuliani-6bn-scaled-e1604691709827.jpg]
[laotramirada.com/vitrina/galeria/conferencia-rudy-giuliani.html]
[laotramirada.com/vitrina/lideres/index.html]
[laotramirada.com/vitrina/galeria/conferencia-yoani-sanchez.html]
[api.laotramirada.com/content/uploads/2020/11/YOANI-SANCHEZ-3-2-e1604690217979.jpg]
[laotramirada.com/vitrina/galeria/conferencia-john-tomasi.html]
[api.laotramirada.com/content/uploads/2020/11/Tomasi-2.jpg]
[laotramirada.com/index.html]
[laotramirada.com/_nuxt/img/logo.0c08f6c.svg]
[laotramirada.com/_nuxt/pages/quienes-somos/index.20e1468.js]
[api.laotramirada.com/content/uploads/2020/10/Quienes-Somos_-scaled-e1604687891472.jpg]
[api.laotramirada.com/content/uploads/2020/11/Captura-de-Pantalla-2020-11-02-a-las-16.23.29-e1604345052565.png]
[api.laotramirada.com/content/uploads/2020/11/Cultura-y-Sociedad-scaled-e1604525835409.jpg]
[api.laotramirada.com/content/uploads/2020/11/Deidre-3bn-e1604525856526.jpg]
[api.laotramirada.com/content/uploads/2020/11/ferguson-9bn-scaled-e1604525883772.jpg]
[laotramirada.com/quienes-somos/index.html]
[laotramirada.com/_nuxt/pages/conferencias/index.a5f5b8b.js]
[laotramirada.com/_nuxt/commons/9100d56e.f012c92.js]
[api.laotramirada.com/content/uploads/2020/11/Ayaan-3bn-scaled-e1604505260262.jpg]
[api.laotramirada.com/content/uploads/2020/11/Polman-3-e1606403027455.png]
[api.laotramirada.com/content/uploads/2020/11/Sorman-2-2-e1606403098549.png]
[api.laotramirada.com/content/uploads/2020/11/hirsi-3-e1606403151788.png]
[laotramirada.com/conferencias/paul-polman/index.html]
[api.laotramirada.com/content/uploads/2020/11/Tomasi-3-e1606403245905.png]
[api.laotramirada.com/content/uploads/2020/11/MVLL-3-e1606402898451.png]
[api.laotramirada.com/content/uploads/2020/11/1-1.png]
[laotramirada.com/conferencias/guy-sorman/index.html]
[api.laotramirada.com/content/uploads/2020/11/3.2-1.png]
[api.laotramirada.com/content/uploads/2020/11/McCloskey-3-e1606403558220.png]
[laotramirada.com/conferencias/ayaan-hirsi-ali/index.html]
[api.laotramirada.com/content/uploads/2020/11/4-1.png]
[api.laotramirada.com/content/uploads/2020/11/5.2-1.png]
[api.laotramirada.com/content/uploads/2020/11/Sanchéz-2-2-e1606403614788.png]
[laotramirada.com/conferencias/john-tomasi/index.html]
[api.laotramirada.com/content/uploads/2020/11/2.2-1.png]
[api.laotramirada.com/content/uploads/2020/11/Ferguson-2-e1606403654962.png]
[laotramirada.com/conferencias/index.html]
[laotramirada.com/vitrina/index.html]
[laotramirada.com/conferencias/mario-vargas-llosa/index.html]
[laotramirada.com/conferencias/guillermo-lasso/index.html]
[laotramirada.com/_nuxt/pages/login/index.dcb5cad.js]
[laotramirada.com/conferencias/luigi-zingales/index.html]
[laotramirada.com/conferencias/jonathan-haidt/index.html]
[laotramirada.com/conferencias/deirdre-mccloskey/index.html]
[laotramirada.com/conferencias/rudy-giuliani/index.html]
[api.laotramirada.com/content/uploads/2020/11/imagen-1.png]
[laotramirada.com/login.html]
[laotramirada.com/conferencias/yoani-sanchez/index.html]
[laotramirada.com/conferencias/jesse-norman/index.html]
[laotramirada.com/conferencias/niall-ferguson/index.html]
[laotramirada.com/_nuxt/pages/conferencias/_id/index.da531ce.js]
[api.laotramirada.com/content/uploads/2020/11/Duque-Marquez.png]
[laotramirada.com/conferencias/ivan-duque/sobre.html]
[laotramirada.com/conferencias.html]
[laotramirada.com/conferencias/ivan-duque.html]
[laotramirada.com/conferencias/ivan-duque/unete.html]
[api.laotramirada.com/content/uploads/2020/11/la_tercera.png]
[laotramirada.com/conferencias/ivan-duque/index.html]
[api.laotramirada.com/content/uploads/2020/11/Moises-Naím.png]
[laotramirada.com/conferencias/moises-naim/sobre.html]
[laotramirada.com/conferencias/moises-naim.html]
[laotramirada.com/conferencias/moises-naim/unete.html]
[api.laotramirada.com/content/uploads/2020/11/Captura-de-Pantalla-2020-11-30-a-las-15.27.23.png]
[laotramirada.com/conferencias/moises-naim/index.html]
[api.laotramirada.com/content/uploads/2020/11/Moro.png]
[laotramirada.com/conferencias/sergio-moro/sobre.html]
[laotramirada.com/conferencias/sergio-moro.html]
[laotramirada.com/conferencias/sergio-moro/index.html]
[laotramirada.com/conferencias/sergio-moro/unete.html]
[api.laotramirada.com/content/uploads/2020/11/Macri-2.png]
[laotramirada.com/conferencias/oscar-naranjo/sobre.html]
[laotramirada.com/conferencias/oscar-naranjo.html]
[laotramirada.com/conferencias/oscar-naranjo/unete.html]
[api.laotramirada.com/content/uploads/2020/11/Captura-de-Pantalla-2020-11-27-a-las-16.45.12.png]
[laotramirada.com/conferencias/mauricio-macri/index.html]
[api.laotramirada.com/content/uploads/2020/11/Naranjo-2-1.png]
[api.laotramirada.com/content/uploads/2020/11/Captura-de-Pantalla-2020-11-27-a-las-16.34.40.png]
[laotramirada.com/conferencias/oscar-naranjo/index.html]
[api.laotramirada.com/content/uploads/2020/11/MVLL_A2.png]
[laotramirada.com/conferencias/mario-vargas-llosa-2-2/sobre.html]
[laotramirada.com/conferencias/mario-vargas-llosa-2-2.html]
[laotramirada.com/conferencias/mario-vargas-llosa-2-2/unete.html]
[api.laotramirada.com/content/uploads/2020/11/Captura-de-Pantalla-2020-11-27-a-las-16.39.00.png]
[laotramirada.com/conferencias/mario-vargas-llosa-2-2/index.html]
[laotramirada.com/_nuxt/pages/vitrina/lideres/index.fa15879.js]
[api.laotramirada.com/content/uploads/2020/11/Lasso-1bn-scaled-e1604693269328.jpg]
[laotramirada.com/vitrina/lideres.html]
[laotramirada.com/vitrina/galeria.html]
[laotramirada.com/vitrina/novedades.html]
[laotramirada.com/vitrina/lideres/ivan-duque.html]
[api.laotramirada.com/content/uploads/2020/11/Duque-Marquez-1.png]
[laotramirada.com/vitrina/lideres/moises-naim.html]
[api.laotramirada.com/content/uploads/2020/11/Moises-Naim-1.png]
[laotramirada.com/vitrina/lideres/sergio-moro.html]
[api.laotramirada.com/content/uploads/2020/11/Moro-1-1.png]
[laotramirada.com/vitrina/lideres/mauricio-macri.html]
[api.laotramirada.com/content/uploads/2020/11/MAcri-2-2.png]
[laotramirada.com/vitrina/lideres/oscar-naranjo.html]
[api.laotramirada.com/content/uploads/2020/11/Naranjo-1-1.png]
[laotramirada.com/vitrina/lideres/mario-vargas-llosa-2.html]
[api.laotramirada.com/content/uploads/2020/11/MVLL3.png]
[laotramirada.com/vitrina/lideres/paul-polman.html]
[api.laotramirada.com/content/uploads/2020/11/Polman-1-1.png]
[laotramirada.com/vitrina/lideres/guy-sorman.html]
[api.laotramirada.com/content/uploads/2020/11/Sorman-1-1.png]
[laotramirada.com/vitrina/lideres/index.html]
[laotramirada.com/vitrina/lideres/lider-a.html]
[laotramirada.com/_nuxt/pages/vitrina/lideres/_id/index.7cf3d77.js]
[laotramirada.com/_nuxt/pages/vitrina/galeria/_id/index.d0b8543.js]
[api.laotramirada.com/content/uploads/2020/11/Vargas-Llosa-1-2.jpg]
[api.laotramirada.com/content/uploads/2020/11/Vargas-Llosa-2-2.jpg]
[api.laotramirada.com/content/uploads/2020/11/Vargas-Llosa-3-2.jpg]
[api.laotramirada.com/content/uploads/2020/11/Vargas-Llosa-4-2.jpg]
[api.laotramirada.com/content/uploads/2020/11/Vargas-Llosa-5-2.jpg]
[api.laotramirada.com/content/uploads/2020/11/Vargas-Llosa-6-2.jpg]
[api.laotramirada.com/content/uploads/2020/11/Vargas-Llosa-7-2.jpg]
[api.laotramirada.com/content/uploads/2020/11/Vargas-Llosa-8-2.jpg]
[api.laotramirada.com/content/uploads/2020/11/Vargas-Llosa-9-2.jpg]
[laotramirada.com/vitrina/galeria/conferencia-mario-vargas-llosa.html]
[api.laotramirada.com/content/uploads/2020/11/Giuliani-1bn-scaled-e1604691671996.jpg]
[api.laotramirada.com/content/uploads/2020/11/Giuliani-2bn-scaled-e1604691678124.jpg]
[api.laotramirada.com/content/uploads/2020/11/Giuliani-3bn-scaled-e1604691686694.jpg]
[api.laotramirada.com/content/uploads/2020/11/Giuliani-4bn-e1604691694891.jpg]
[api.laotramirada.com/content/uploads/2020/11/Giuliani-5bn-scaled-e1604691703266.jpg]
[api.laotramirada.com/content/uploads/2020/11/Giuliani-7bn-scaled-e1604691716801.jpg]
[api.laotramirada.com/content/uploads/2020/11/Giuliani-8bn-scaled-e1604691724515.jpg]
[api.laotramirada.com/content/uploads/2020/11/Giuliani-9bn-scaled-e1604691730510.jpg]
[api.laotramirada.com/content/uploads/2020/11/Giuliani-10bn-e1604691739815.jpg]
[laotramirada.com/vitrina/galeria/conferencia-rudy-giuliani.html]
[api.laotramirada.com/content/uploads/2020/11/YOANI-SANCHEZ-1-2-e1604690202846.jpg]
[api.laotramirada.com/content/uploads/2020/11/YOANI-SANCHEZ-2-2-e1604690210651.jpg]
[api.laotramirada.com/content/uploads/2020/11/YOANI-SANCHEZ-6-2-scaled-e1604690225716.jpg]
[laotramirada.com/vitrina/galeria/conferencia-yoani-sanchez.html]
[api.laotramirada.com/content/uploads/2020/11/Tomasi-1-2.jpg]
[api.laotramirada.com/content/uploads/2020/11/Tomasi-2-2.jpg]
[api.laotramirada.com/content/uploads/2020/11/Tomasi-3-2.jpg]
[api.laotramirada.com/content/uploads/2020/11/Tomasi-4-2.jpg]
[api.laotramirada.com/content/uploads/2020/11/Tomasi-5-2.jpg]
[api.laotramirada.com/content/uploads/2020/11/Tomasi-6-2.jpg]
[api.laotramirada.com/content/uploads/2020/11/Tomasi-7-2.jpg]
[api.laotramirada.com/content/uploads/2020/11/Tomasi-8-2.jpg]
[laotramirada.com/vitrina/galeria/conferencia-john-tomasi.html]
[api.laotramirada.com/content/uploads/2020/11/Polman-1.png]
[laotramirada.com/conferencias/paul-polman/sobre.html]
[laotramirada.com/conferencias/paul-polman.html]
[laotramirada.com/conferencias/paul-polman/unete.html]
[api.laotramirada.com/content/uploads/2020/11/Captura-de-Pantalla-2020-11-27-a-las-16.40.43.png]
[laotramirada.com/conferencias/paul-polman/index.html]
[api.laotramirada.com/content/uploads/2020/11/Sorman-2-1.png]
[laotramirada.com/conferencias/guy-sorman/sobre.html]
[laotramirada.com/conferencias/guy-sorman.html]
[laotramirada.com/conferencias/guy-sorman/unete.html]
[api.laotramirada.com/content/uploads/2020/11/Captura-de-Pantalla-2020-11-27-a-las-16.42.37.png]
[laotramirada.com/conferencias/guy-sorman/index.html]
[api.laotramirada.com/content/uploads/2020/11/hirsi-1.png]
[laotramirada.com/conferencias/ayaan-hirsi-ali/sobre.html]
[laotramirada.com/conferencias/ayaan-hirsi-ali.html]
[laotramirada.com/conferencias/ayaan-hirsi-ali/unete.html]
[api.laotramirada.com/content/uploads/2020/11/Ayaan-1bn-scaled-e1604696098301.jpg]
[api.laotramirada.com/content/uploads/2020/11/Ayaan-2bn-scaled-e1604696106509.jpg]
[api.laotramirada.com/content/uploads/2020/11/Ayaan-3bn-1-scaled-e1604696116573.jpg]
[api.laotramirada.com/content/uploads/2020/11/Ayaan-4bn-scaled-e1604696125718.jpg]
[api.laotramirada.com/content/uploads/2020/11/Ayaan-5bn-scaled-e1604696146138.jpg]
[api.laotramirada.com/content/uploads/2020/11/Ayaan-6bn-scaled-e1604696156205.jpg]
[api.laotramirada.com/content/uploads/2020/11/Ayaan-7bn-scaled-e1604696166803.jpg]
[api.laotramirada.com/content/uploads/2020/11/Ayaan-8bn-scaled-e1604696180333.jpg]
[api.laotramirada.com/content/uploads/2020/11/Ayaan-9bn-scaled-e1604696190933.jpg]
[api.laotramirada.com/content/uploads/2020/11/Ayaan-10bn-scaled-e1604696199358.jpg]
[api.laotramirada.com/content/uploads/2020/11/Captura-de-Pantalla-2020-11-27-a-las-16.49.54.png]
[api.laotramirada.com/content/uploads/2020/11/uai.png]
[laotramirada.com/conferencias/ayaan-hirsi-ali/index.html]
[api.laotramirada.com/content/uploads/2020/11/Tomasi-1.png]
[laotramirada.com/conferencias/john-tomasi/sobre.html]
[laotramirada.com/conferencias/john-tomasi.html]
[laotramirada.com/conferencias/john-tomasi/unete.html]
[api.laotramirada.com/content/uploads/2020/11/Captura-de-Pantalla-2020-11-27-a-las-16.51.00.png]
[api.laotramirada.com/content/uploads/2020/11/gobierno.png]
[api.laotramirada.com/content/uploads/2020/11/cep.png]
[api.laotramirada.com/content/uploads/2020/11/uc.png]
[laotramirada.com/conferencias/john-tomasi/index.html]
[api.laotramirada.com/content/uploads/2020/11/MVLL-1.png]
[laotramirada.com/conferencias/mario-vargas-llosa/sobre.html]
[laotramirada.com/conferencias/mario-vargas-llosa.html]
[laotramirada.com/conferencias/mario-vargas-llosa/unete.html]
[api.laotramirada.com/content/uploads/2020/11/Captura-de-Pantalla-2020-11-27-a-las-16.37.42.png]
[api.laotramirada.com/content/uploads/2020/11/municipalidad_santiago.png]
[laotramirada.com/conferencias/mario-vargas-llosa/index.html]
[api.laotramirada.com/content/uploads/2020/11/1.png]
[laotramirada.com/conferencias/guillermo-lasso/sobre.html]
[laotramirada.com/conferencias/guillermo-lasso.html]
[laotramirada.com/conferencias/guillermo-lasso/unete.html]
[api.laotramirada.com/content/uploads/2020/11/Lasso-2bn-scaled-e1604693278581.jpg]
[api.laotramirada.com/content/uploads/2020/11/Lasso-3-bn-scaled-e1604693290619.jpg]
[api.laotramirada.com/content/uploads/2020/11/Lasso-4-2-scaled-e1604693300275.jpg]
[api.laotramirada.com/content/uploads/2020/11/Lasso-5-2-scaled-e1604693317633.jpg]
[api.laotramirada.com/content/uploads/2020/11/Lasso-6-2-scaled-e1604693329530.jpg]
[api.laotramirada.com/content/uploads/2020/11/el_mercurio.png]
[api.laotramirada.com/content/uploads/2020/11/udd.png]
[api.laotramirada.com/content/uploads/2020/11/los_andes.png]
[laotramirada.com/conferencias/guillermo-lasso/index.html]
[api.laotramirada.com/content/uploads/2020/11/3.2.png]
[laotramirada.com/conferencias/deirdre-mccloskey/sobre.html]
[laotramirada.com/conferencias/deirdre-mccloskey.html]
[laotramirada.com/conferencias/deirdre-mccloskey/unete.html]
[api.laotramirada.com/content/uploads/2020/11/Haidt-1bn-scaled-e1604692443186.jpg]
[api.laotramirada.com/content/uploads/2020/11/Haidt-2bn-scaled.jpg]
[api.laotramirada.com/content/uploads/2020/11/Haidt-3bn-scaled-e1604692461364.jpg]
[api.laotramirada.com/content/uploads/2020/11/Haidt-4bn-scaled-e1604692473354.jpg]
[api.laotramirada.com/content/uploads/2020/11/Haidt-5bn-scaled-e1604692482713.jpg]
[api.laotramirada.com/content/uploads/2020/11/Haidt-6bn-scaled.jpg]
[api.laotramirada.com/content/uploads/2020/11/Haidt-7bn-scaled-e1604692502265.jpg]
[api.laotramirada.com/content/uploads/2020/11/Haidt-8bn-scaled-e1604692510223.jpg]
[api.laotramirada.com/content/uploads/2020/11/Haidt-9bn-scaled-e1604692518807.jpg]
[laotramirada.com/conferencias/jonathan-haidt/index.html]
[api.laotramirada.com/content/uploads/2020/11/McCloskey-1.png]
[api.laotramirada.com/content/uploads/2020/11/Deidre-5bn.jpg]
[api.laotramirada.com/content/uploads/2020/11/Deidre-4bn.jpg]
[api.laotramirada.com/content/uploads/2020/11/Deidre-3bn-1.jpg]
[api.laotramirada.com/content/uploads/2020/11/Deidre-2bn.jpg]
[api.laotramirada.com/content/uploads/2020/11/Deidre-1bn.jpg]
[api.laotramirada.com/content/uploads/2020/11/Captura-de-Pantalla-2020-11-27-a-las-16.48.11.png]
[laotramirada.com/conferencias/deirdre-mccloskey/index.html]
[api.laotramirada.com/content/uploads/2020/11/4.png]
[api.laotramirada.com/content/uploads/2020/11/Zingales-1-2.jpg]
[api.laotramirada.com/content/uploads/2020/11/Zingales-2-2.jpg]
[api.laotramirada.com/content/uploads/2020/11/Zingales-3-2.jpg]
[api.laotramirada.com/content/uploads/2020/11/Zingales-4-2.jpg]
[api.laotramirada.com/content/uploads/2020/11/Zingales-5-2.jpg]
[api.laotramirada.com/content/uploads/2020/11/Zingales-6-2.jpg]
[laotramirada.com/conferencias/luigi-zingales/index.html]
[api.laotramirada.com/content/uploads/2020/11/5.2.png]
[laotramirada.com/conferencias/rudy-giuliani/sobre.html]
[laotramirada.com/conferencias/rudy-giuliani.html]
[laotramirada.com/conferencias/rudy-giuliani/index.html]
[laotramirada.com/conferencias/rudy-giuliani/unete.html]
[api.laotramirada.com/content/uploads/2020/11/Sanchéz-2-1.png]
[laotramirada.com/conferencias/yoani-sanchez/sobre.html]
[laotramirada.com/conferencias/yoani-sanchez.html]
[laotramirada.com/conferencias/yoani-sanchez/index.html]
[laotramirada.com/conferencias/yoani-sanchez/unete.html]
[api.laotramirada.com/content/uploads/2020/11/2.2.png]
[laotramirada.com/conferencias/niall-ferguson/sobre.html]
[laotramirada.com/conferencias/niall-ferguson.html]
[laotramirada.com/conferencias/jesse-norman/index.html]
[laotramirada.com/conferencias/niall-ferguson/unete.html]
[api.laotramirada.com/content/uploads/2020/10/Ferguson-2.png]
[api.laotramirada.com/content/uploads/2020/11/ferguson-2bn-scaled-e1604685621192.jpg]
[api.laotramirada.com/content/uploads/2020/11/ferguson-3bn-scaled-e1604685613615.jpg]
[api.laotramirada.com/content/uploads/2020/11/ferguson-4bn-scaled-e1604685605139.jpg]
[api.laotramirada.com/content/uploads/2020/11/ferguson-5bn-scaled-e1604685597733.jpg]
[api.laotramirada.com/content/uploads/2020/11/ferguson-6bn-scaled-e1604685587660.jpg]
[api.laotramirada.com/content/uploads/2020/11/ferguson-7bn-scaled-e1604685579606.jpg]
[api.laotramirada.com/content/uploads/2020/11/ferguson-8bn-scaled-e1604685572930.jpg]
[api.laotramirada.com/content/uploads/2020/11/ferguson-9bn-1-scaled-e1604685564306.jpg]
[api.laotramirada.com/content/uploads/2020/11/ferguson-10bn-scaled-e1604685549668.jpg]
[api.laotramirada.com/content/uploads/2020/11/Captura-de-Pantalla-2020-11-27-a-las-16.47.02.png]
[laotramirada.com/conferencias/niall-ferguson/index.html]
[laotramirada.com/_nuxt/pages/conferencias/_id/sobre/index.ec98b1d.js]
[api.laotramirada.com/content/uploads/2020/10/Duque-Marquez-e1604688301791.png]
[api.laotramirada.com/content/uploads/2020/10/duque.jpg]
[laotramirada.com/conferencias/ivan-duque/sobre.html]
[laotramirada.com/conferencias.html]
[laotramirada.com/conferencias/ivan-duque.html]
[laotramirada.com/_nuxt/pages/conferencias/_id/unete/index.3760b42.js]
[laotramirada.com/conferencias/ivan-duque/unete.html]
[laotramirada.com/_nuxt/commons/c44f4e90.fccc38f.js]
[api.laotramirada.com/content/uploads/2020/11/NAiM.jpg]
[laotramirada.com/conferencias/moises-naim/sobre.html]
[laotramirada.com/conferencias/moises-naim.html]
[laotramirada.com/conferencias/moises-naim/unete.html]
[api.laotramirada.com/content/uploads/2020/11/Moro-2-e1604687330943.png]
[api.laotramirada.com/content/uploads/2020/11/LIBRO-MORO.png]
[laotramirada.com/conferencias/sergio-moro/sobre.html]
[laotramirada.com/conferencias/sergio-moro.html]
[laotramirada.com/conferencias/sergio-moro/unete.html]
[api.laotramirada.com/content/uploads/2020/11/Naranjo-e1604695474573.png]
[laotramirada.com/conferencias/oscar-naranjo/sobre.html]
[laotramirada.com/conferencias/oscar-naranjo.html]
[laotramirada.com/conferencias/oscar-naranjo/unete.html]
[api.laotramirada.com/content/uploads/2020/11/MVLL_A-e1604695773862.png]
[api.laotramirada.com/content/uploads/2020/11/VARGAS-LLOSA.jpg]
[laotramirada.com/conferencias/mario-vargas-llosa-2-2/sobre.html]
[laotramirada.com/conferencias/mario-vargas-llosa-2-2.html]
[laotramirada.com/conferencias/mario-vargas-llosa-2-2/unete.html]
[laotramirada.com/vitrina/lideres.html]
[laotramirada.com/vitrina/galeria.html]
[laotramirada.com/_nuxt/pages/vitrina/galeria/index.661683a.js]
[laotramirada.com/vitrina/novedades.html]
[laotramirada.com/_nuxt/pages/vitrina/novedades/index.7783d23.js]
[laotramirada.com/vitrina/galeria/revive-la-conferencia-luigi-zingales/index.html]
[laotramirada.com/vitrina/lideres/ivan-duque.html]
[laotramirada.com/vitrina/galeria/conferencia-guillermo-lasso/index.html]
[laotramirada.com/vitrina/galeria/conferencia-yoani-sanchez/index.html]
[laotramirada.com/vitrina/galeria/conferencia-john-tomasi/index.html]
[laotramirada.com/vitrina/galeria/conferencia-mario-vargas-llosa/index.html]
[laotramirada.com/vitrina/galeria/conferencia-jonathan-haidt/index.html]
[laotramirada.com/vitrina/galeria/conferencia-rudy-giuliani/index.html]
[laotramirada.com/vitrina/lideres/ayaan-hirsi-ali.html]
[laotramirada.com/vitrina/galeria/conferencia-neil-ferguson/index.html]
[api.laotramirada.com/content/uploads/2020/11/Hirisi-2.png]
[laotramirada.com/vitrina/lideres/deirdre-mccloskey.html]
[api.laotramirada.com/content/uploads/2020/11/McCloskey-4.png]
[laotramirada.com/vitrina/lideres/moises-naim.html]
[laotramirada.com/vitrina/lideres/sergio-moro.html]
[laotramirada.com/vitrina/lideres/mauricio-macri.html]
[laotramirada.com/vitrina/lideres/oscar-naranjo.html]
[laotramirada.com/vitrina/lideres/mario-vargas-llosa-2.html]
[laotramirada.com/vitrina/lideres/paul-polman.html]
[laotramirada.com/vitrina/lideres/guy-sorman.html]
[api.laotramirada.com/content/uploads/2020/11/Polman-2-e1604695158307.png]
[laotramirada.com/conferencias/paul-polman/sobre.html]
[laotramirada.com/conferencias/paul-polman.html]
[laotramirada.com/conferencias/paul-polman/unete.html]
[api.laotramirada.com/content/uploads/2020/11/Sorman-e1604694711733.png]
[api.laotramirada.com/content/uploads/2020/11/sorman.jpg]
[laotramirada.com/conferencias/guy-sorman/sobre.html]
[laotramirada.com/conferencias/guy-sorman.html]
[laotramirada.com/conferencias/guy-sorman/unete.html]
[api.laotramirada.com/content/uploads/2020/11/Hirsi-2-e1604694483462.png]
[api.laotramirada.com/content/uploads/2020/11/ayaan.jpg]
[laotramirada.com/conferencias/ayaan-hirsi-ali/sobre.html]
[laotramirada.com/conferencias/ayaan-hirsi-ali.html]
[laotramirada.com/conferencias/ayaan-hirsi-ali/unete.html]
[api.laotramirada.com/content/uploads/2020/11/Tomasi-2-e1604694112200.png]
[laotramirada.com/conferencias/john-tomasi/sobre.html]
[api.laotramirada.com/content/uploads/2020/11/TOMASI.jpg]
[laotramirada.com/conferencias/john-tomasi.html]
[laotramirada.com/conferencias/john-tomasi/unete.html]
[api.laotramirada.com/content/uploads/2020/11/MVLL-2-1-e1604693797272.png]
[laotramirada.com/conferencias/mario-vargas-llosa/sobre.html]
[laotramirada.com/conferencias/mario-vargas-llosa.html]
[laotramirada.com/conferencias/mario-vargas-llosa/unete.html]
[api.laotramirada.com/content/uploads/2020/11/LIBRO-LASSO.jpg]
[laotramirada.com/conferencias/guillermo-lasso/sobre.html]
[laotramirada.com/conferencias/guillermo-lasso.html]
[laotramirada.com/conferencias/guillermo-lasso/unete.html]
[api.laotramirada.com/content/uploads/2020/11/McCloskey-2-e1604691452347.png]
[api.laotramirada.com/content/uploads/2020/11/mccloskey.jpg]
[laotramirada.com/conferencias/deirdre-mccloskey/sobre.html]
[laotramirada.com/conferencias/deirdre-mccloskey.html]
[laotramirada.com/conferencias/deirdre-mccloskey/unete.html]
[api.laotramirada.com/content/uploads/2020/11/Liderazgo-giuliani.jpg]
[laotramirada.com/conferencias/rudy-giuliani/sobre.html]
[laotramirada.com/conferencias/rudy-giuliani.html]
[laotramirada.com/conferencias/rudy-giuliani/unete.html]
[api.laotramirada.com/content/uploads/2020/11/Sánchez-e1604689792660.png]
[api.laotramirada.com/content/uploads/2020/11/yoani-sanchez.jpg]
[laotramirada.com/conferencias/yoani-sanchez/sobre.html]
[laotramirada.com/conferencias/yoani-sanchez.html]
[laotramirada.com/conferencias/yoani-sanchez/unete.html]
[api.laotramirada.com/content/uploads/2020/11/niall-ferguson-la-gran-degeneracion.jpg]
[laotramirada.com/conferencias/niall-ferguson/sobre.html]
[laotramirada.com/conferencias/niall-ferguson.html]
[laotramirada.com/conferencias/niall-ferguson/unete.html]
[laotramirada.com/vitrina/galeria/revive-la-conferencia-luigi-zingales/index.html]
[laotramirada.com/vitrina/galeria/conferencia-yoani-sanchez/index.html]
[laotramirada.com/vitrina/galeria/conferencia-mario-vargas-llosa/index.html]
[laotramirada.com/vitrina/galeria/conferencia-john-tomasi/index.html]
[laotramirada.com/vitrina/galeria/conferencia-guillermo-lasso/index.html]
[laotramirada.com/vitrina/galeria/conferencia-jonathan-haidt/index.html]
[laotramirada.com/vitrina/galeria/conferencia-rudy-giuliani/index.html]
[api.laotramirada.com/content/uploads/2020/11/ferguson-1bn-scaled.jpg]
[api.laotramirada.com/content/uploads/2020/11/ferguson-3bn-1-scaled-e1604686109150.jpg]
[laotramirada.com/vitrina/galeria/conferencia-neil-ferguson/index.html]
[laotramirada.com/vitrina/lideres/ayaan-hirsi-ali.html]
[laotramirada.com/vitrina/lideres/deirdre-mccloskey.html]
